2025-01-07 17:52:30,277 - INFO - Beginning execution of dms2_bcsubamp in directory /fh/fast/bloom_j/computational_notebooks/whannon/2024/ZIKV_DMS_NS3_EvansLab

2025-01-07 17:52:30,279 - INFO - Progress is being logged to results/tile_3/codoncounts/lib1-virus-231024.log
2025-01-07 17:52:30,316 - INFO - Version information:
	Time and date: Tue Jan  7 17:52:30 2025
	Platform: Linux-4.15.0-213-generic-x86_64-with-glibc2.10
	Python version: 3.8.19 | packaged by conda-forge | (default, Mar 20 2024, 12:47:35)  [GCC 12.3.0]
	dms_tools2 version: 2.6.10
	Bio version: 1.83
	pandas version: 0.25.3
	numpy version: 1.19.5
	IPython version: 8.12.2
	jupyter version: 1.0.0
	matplotlib version: 3.2.2
	plotnine version: 0.6.0
	natsort version: 8.4.0
	pystan version: 2.19.1.1
	scipy version: 1.6.0
	seaborn version: 0.12.2
	phydmslib version: 2.4.1
	statsmodels version: 0.13.5
	rpy2 cannot be imported
	regex version: 2.5.145
	umi_tools version: 1.1.4

2025-01-07 17:52:30,317 - INFO - Parsed the following arguments:
	outdir = results/tile_3/codoncounts
	ncpus = -1
	use_existing = no
	refseq = data/tile_3_amplicon.fasta
	alignspecs = ['1,306,30,30']
	bclen = 8
	fastqdir = None
	R2 = None
	R1trim = [210]
	R2trim = [210]
	bclen2 = None
	chartype = codon
	maxmuts = 4
	minq = 15
	minreads = 2
	minfraccall = 0.95
	minconcur = 0.75
	sitemask = None
	purgeread = 0.0
	purgebc = 0.0
	bcinfo = True
	bcinfo_csv = True
	name = lib1-virus-231024
	R1 = ['/shared/ngs/illumina/ckikawa/231017_M00492_0174_000000000-L7FYB/Unaligned/Project_ckikawa/Virus_Tile_3_Lib_1_S17_R1_001.fastq.gz']

2025-01-07 17:52:30,329 - INFO - Read refseq of 306 codons from data/tile_3_amplicon.fasta
2025-01-07 17:52:30,398 - INFO - Reads are in these FASTQ pairs:
	/shared/ngs/illumina/ckikawa/231017_M00492_0174_000000000-L7FYB/Unaligned/Project_ckikawa/Virus_Tile_3_Lib_1_S17_R1_001.fastq.gz and /shared/ngs/illumina/ckikawa/231017_M00492_0174_000000000-L7FYB/Unaligned/Project_ckikawa/Virus_Tile_3_Lib_1_S17_R2_001.fastq.gz

2025-01-07 17:52:30,399 - INFO - Now parsing read pairs...
2025-01-07 17:52:36,177 - INFO - Reads parsed so far: 500000
2025-01-07 17:52:40,931 - INFO - Parsed 975315 reads, found 417295 unique barcodes.
2025-01-07 17:52:40,935 - INFO - Summary stats on reads:
  total  fail filter  low Q barcode
 975315        61976          96578
2025-01-07 17:52:40,935 - INFO - Writing these stats to results/tile_3/codoncounts/lib1-virus-231024_readstats.csv

2025-01-07 17:52:41,040 - INFO - Number of reads per barcode:
                 number of barcodes
number of reads                    
1                            197162
2                            110647
3                             64408
4                             28612
5                             10931
6                              3760
7                              1229
8                               381
9                                98
10                               39
11                               11
12                                9
13                                6
14                                1
174                               1
2025-01-07 17:52:41,040 - INFO - Writing these stats to results/tile_3/codoncounts/lib1-virus-231024_readsperbc.csv

2025-01-07 17:52:41,044 - INFO - Examining the 417295 barcodes to build and align subamplicons...
2025-01-07 17:52:50,952 - INFO - Barcodes examined so far: 200000
2025-01-07 17:52:57,663 - INFO - Barcodes examined so far: 400000
2025-01-07 17:52:57,925 - INFO - Examined all barcodes. Summary stats:
  total  too few reads  not alignable  aligned
 417295         197162          16010   204123
2025-01-07 17:52:57,925 - INFO - Writing these stats to results/tile_3/codoncounts/lib1-virus-231024_bcstats.csv

2025-01-07 17:52:57,937 - INFO - Writing the counts of each codon identity at each site to results/tile_3/codoncounts/lib1-virus-231024_codoncounts.csv

2025-01-07 17:52:57,948 - INFO - Successful completion of dms2_bcsubamp
